#-----------------------------------------------------------
# Vivado v2022.1 (64-bit)
# SW Build 3526262 on Mon Apr 18 15:48:16 MDT 2022
# IP Build 3524634 on Mon Apr 18 20:55:01 MDT 2022
# Start of session at: Mon Oct 13 14:45:22 2025
# Process ID: 58232
# Current directory: C:/Users/Zcy/Desktop/copy/XDMA_SSI
# Command line: vivado.exe -gui_launcher_event rodinguilauncherevent56368 C:\Users\Zcy\Desktop\copy\XDMA_SSI\XDMA_SSI.xpr
# Log file: C:/Users/Zcy/Desktop/copy/XDMA_SSI/vivado.log
# Journal file: C:/Users/Zcy/Desktop/copy/XDMA_SSI\vivado.jou
# Running On: DESKTOP-VQGIJDC, OS: Windows, CPU Frequency: 1800 MHz, CPU Physical cores: 4, Host memory: 8428 MB
#-----------------------------------------------------------
start_gui
open_project C:/Users/Zcy/Desktop/copy/XDMA_SSI/XDMA_SSI.xpr
update_compile_order -fileset sources_1
open_bd_design {C:/Users/Zcy/Desktop/copy/XDMA_SSI/XDMA_SSI.srcs/sources_1/bd/XDMA/XDMA.bd}
regenerate_bd_layout
set_property range 128K [get_bd_addr_segs {xdma_0/M_AXI/SEG_axi_bram_ctrl_0_Mem0}]
set_property range 1M [get_bd_addr_segs {xdma_0/M_AXI/SEG_axi_bram_ctrl_0_Mem0}]
set_property range 64K [get_bd_addr_segs {xdma_0/M_AXI/SEG_axi_bram_ctrl_0_Mem0}]
save_bd_design
